// Jest Snapshot v1, https://goo.gl/fbAQLP

exports[`main test block match snapshot 1`] = `
ShallowWrapper {
  "length": 1,
  Symbol(enzyme.__root__): [Circular],
  Symbol(enzyme.__unrendered__): <App />,
  Symbol(enzyme.__renderer__): Object {
    "batchedUpdates": [Function],
    "getNode": [Function],
    "render": [Function],
    "simulateEvent": [Function],
    "unmount": [Function],
  },
  Symbol(enzyme.__node__): Object {
    "instance": null,
    "key": undefined,
    "nodeType": "host",
    "props": Object {
      "children": Array [
        <h1
          style={undefined}
        >
          Hello to the World!
        </h1>,
        <Counter
          onDecrement={[Function]}
          onIncrement={[Function]}
          value={0}
        />,
        ",",
      ],
    },
    "ref": null,
    "rendered": Array [
      Object {
        "instance": null,
        "key": undefined,
        "nodeType": "host",
        "props": Object {
          "children": "Hello to the World!",
          "style": undefined,
        },
        "ref": null,
        "rendered": "Hello to the World!",
        "type": "h1",
      },
      Object {
        "instance": null,
        "key": undefined,
        "nodeType": "class",
        "props": Object {
          "onDecrement": [Function],
          "onIncrement": [Function],
          "value": 0,
        },
        "ref": null,
        "rendered": null,
        "type": [Function],
      },
      ",",
    ],
    "type": "div",
  },
  Symbol(enzyme.__nodes__): Array [
    Object {
      "instance": null,
      "key": undefined,
      "nodeType": "host",
      "props": Object {
        "children": Array [
          <h1
            style={undefined}
          >
            Hello to the World!
          </h1>,
          <Counter
            onDecrement={[Function]}
            onIncrement={[Function]}
            value={0}
          />,
          ",",
        ],
      },
      "ref": null,
      "rendered": Array [
        Object {
          "instance": null,
          "key": undefined,
          "nodeType": "host",
          "props": Object {
            "children": "Hello to the World!",
            "style": undefined,
          },
          "ref": null,
          "rendered": "Hello to the World!",
          "type": "h1",
        },
        Object {
          "instance": null,
          "key": undefined,
          "nodeType": "class",
          "props": Object {
            "onDecrement": [Function],
            "onIncrement": [Function],
            "value": 0,
          },
          "ref": null,
          "rendered": null,
          "type": [Function],
        },
        ",",
      ],
      "type": "div",
    },
  ],
  Symbol(enzyme.__options__): Object {
    "adapter": ReactSixteenAdapter {
      "options": Object {
        "enableComponentDidUpdateOnSetState": true,
      },
    },
  },
}
`;
